// Jest Snapshot v1, https://goo.gl/fbAQLP

exports[`matches snapshot 1`] = `
<div
  className="container-fluid"
>
  <div
    className="justify-content-between d-flex gap-5 gap-md-1 flex-column flex-md-row"
  >
    <div
      className="col-md-4"
    >
      <h1
        className="p-2 bg-info"
      >
        My Missions
      </h1>
      <div
        className="summary"
      >
        No Missions Joined
      </div>
    </div>
    <div
      className="col-md-4"
    >
      <h1
        className="p-2 bg-info"
      >
        My Rockets
      </h1>
      <div>
        No Rockets Reserved
      </div>
    </div>
    <div
      className="col-md-4"
    >
      <h1
        className="p-2 bg-info"
      >
        My Dragons
      </h1>
      <div>
        No Dragons Booked
      </div>
    </div>
  </div>
</div>
`;
